Microchip MPLAB XC8 Compiler V2.36

Linker command line:

-W-3 --edf=C:\Program Files\Microchip\xc8\v2.36\pic\dat\en_msgs.txt -cn \
  -h+dist/default/production\seqhyper_v2.X.production.sym \
  --cmf=dist/default/production\seqhyper_v2.X.production.cmf -z -Q16F1827 \
  -oC:\Users\JEAN-M~1\AppData\Local\Temp\xcAsis8.4 --defsym=__MPLAB_BUILD=1 \
  -Mdist/default/production/seqhyper_v2.X.production.map \
  --md=C:\Users\JEAN-M~1\AppData\Local\Temp\xcAsis8.dat -E1 \
  -ver=XC8 Compiler --acfsm=1493 -ACODE=00h-07FFhx2 -ASTRCODE=00h-0FFFh \
  -ASTRING=00h-0FFhx16 -ACONST=00h-0FFhx16 -AENTRY=00h-0FFhx16 \
  -ACOMMON=070h-07Fh -ABANK0=020h-06Fh -ABANK1=0A0h-0EFh \
  -ABANK2=0120h-016Fh -ABANK3=01A0h-01EFh -ABANK4=0220h-024Fh \
  -ABIGRAM=02000h-0216Fh \
  -ARAM=020h-06Fh,0A0h-0EFh,0120h-016Fh,01A0h-01EFh,0220h-024Fh \
  -AABS1=020h-07Fh,0A0h-0EFh,0120h-016Fh,01A0h-01EFh,0220h-024Fh \
  -ASFR0=00h-01Fh -ASFR1=080h-09Fh -ASFR2=0100h-011Fh -ASFR3=0180h-019Fh \
  -ASFR4=0200h-021Fh -ASFR5=0280h-02EFh -ASFR6=0300h-036Fh \
  -ASFR7=0380h-03EFh -ASFR8=0400h-046Fh -ASFR9=0480h-04EFh \
  -ASFR10=0500h-056Fh -ASFR11=0580h-05EFh -ASFR12=0600h-066Fh \
  -ASFR13=0680h-06EFh -ASFR14=0700h-076Fh -ASFR15=0780h-07EFh \
  -ASFR16=0800h-086Fh -ASFR17=0880h-08EFh -ASFR18=0900h-096Fh \
  -ASFR19=0980h-09EFh -ASFR20=0A00h-0A6Fh -ASFR21=0A80h-0AEFh \
  -ASFR22=0B00h-0B6Fh -ASFR23=0B80h-0BEFh -ASFR24=0C00h-0C6Fh \
  -ASFR25=0C80h-0CEFh -ASFR26=0D00h-0D6Fh -ASFR27=0D80h-0DEFh \
  -ASFR28=0E00h-0E6Fh -ASFR29=0E80h-0EEFh -ASFR30=0F00h-0F6Fh \
  -ASFR31=0F80h-0FEFh -ACONFIG=08007h-08008h -DCONFIG=2 \
  -AIDLOC=08000h-08003h -DIDLOC=2 -AEEDATA=00h-0FFh/0F000h \
  -peeprom_data=EEDATA -DEEDATA=2 -DCODE=2 -DSTRCODE=2 -DSTRING=2 -DCONST=2 \
  -DENTRY=2 -preset_vec=00h,intentry=04h,init,end_init -ppowerup=CODE \
  -pcinit=CODE -pfunctab=ENTRY -k \
  C:\Users\JEAN-M~1\AppData\Local\Temp\xcAsis8.o \
  dist/default/production\seqhyper_v2.X.production.o 

Object code version is 3.11

Machine type is 16F1827



                Name                               Link     Load   Length Selector   Space Scale
C:\Users\JEAN-M~1\AppData\Local\Temp\xcAsis8.o
                end_init                             19       19        2        8       0
                reset_vec                             0        0        2        0       0
                config                             8007     8007        2        0       4
                idloc                              8000     8000        4        0       5
dist/default/production\seqhyper_v2.X.production.o
                cinit                                1B       1B        9        8       0
                intentry                              4        4       15        8       0
                config                             8007     8007        2        0       4
                idloc                              8000     8000        4        0       5
                text25                              7F3      7F3        1      FD8       0
                text24                              796      796        F        8       0
                text22                              760      760       16        8       0
                text21                              74A      74A       16        8       0
                text20                              734      734       16        8       0
                text19                              71E      71E       16        8       0
                text18                              7E2      7E2        6      FAA       0
                text17                              786      786       10        8       0
                text16                              7D5      7D5        7      FAA       0
                text15                              708      708       16        8       0
                text14                              7A5      7A5        E        8       0
                text13                              7EC      7EC        4      FD8       0
                text12                              776      776       10        8       0
                text11                              589      589       8B        8       0
                text10                              7DC      7DC        6      FAA       0
                text9                               7B3      7B3        D        8       0
                text8                               7F0      7F0        3      FD8       0
                text7                               27B      27B      1B4        8       0
                text6                               6E5      6E5       23        8       0
                text5                                24       24      257        8       0
                text4                               4DD      4DD       AC        8       0
                text3                               662      662       4E        8       0
                text2                               614      614       4E        8       0
                text1                               6B0      6B0       35        8       0
                maintext                            42F      42F       AE        8       0
                cstackBANK0                          20       20       4B       20       1
                cstackCOMMON                         70       70        E       70       1
                bssBANK0                             6B       6B        4       20       1
                nvBANK1                              A0       A0        4       A0       1
                nvBANK0                              6F       6F        1       20       1
                stringtext3                         7E8      7E8        4      FD0       0
                stringtext2                         7CB      7CB        A      F80       0
                stringtext1                         7C0      7C0        B      F80       0

TOTAL           Name                               Link     Load   Length     Space
        CLASS   CODE           
                end_init                             19       19        2         0
                cinit                                1B       1B        9         0
                intentry                              4        4       15         0
                reset_vec                             0        0        2         0
                text25                              7F3      7F3        1         0
                text24                              796      796        F         0
                text22                              760      760       16         0
                text21                              74A      74A       16         0
                text20                              734      734       16         0
                text19                              71E      71E       16         0
                text18                              7E2      7E2        6         0
                text17                              786      786       10         0
                text16                              7D5      7D5        7         0
                text15                              708      708       16         0
                text14                              7A5      7A5        E         0
                text13                              7EC      7EC        4         0
                text12                              776      776       10         0
                text11                              589      589       8B         0
                text10                              7DC      7DC        6         0
                text9                               7B3      7B3        D         0
                text8                               7F0      7F0        3         0
                text7                               27B      27B      1B4         0
                text6                               6E5      6E5       23         0
                text5                                24       24      257         0
                text4                               4DD      4DD       AC         0
                text3                               662      662       4E         0
                text2                               614      614       4E         0
                text1                               6B0      6B0       35         0
                maintext                            42F      42F       AE         0

        CLASS   STRCODE        
                stringtext3                         7E8      7E8        4         0
                stringtext2                         7CB      7CB        A         0
                stringtext1                         7C0      7C0        B         0

        CLASS   STRING         

        CLASS   CONST          

        CLASS   ENTRY          

        CLASS   COMMON         
                cstackCOMMON                         70       70        E         1

        CLASS   BANK0          
                cstackBANK0                          20       20       4B         1
                bssBANK0                             6B       6B        4         1
                nvBANK0                              6F       6F        1         1

        CLASS   BANK1          
                nvBANK1                              A0       A0        4         1

        CLASS   BANK2          

        CLASS   BANK3          

        CLASS   BANK4          

        CLASS   BIGRAM         

        CLASS   RAM            

        CLASS   ABS1           
                abs_s1                               7E       7E        2         1

        CLASS   SFR0           

        CLASS   SFR1           

        CLASS   SFR2           

        CLASS   SFR3           

        CLASS   SFR4           

        CLASS   SFR5           

        CLASS   SFR6           

        CLASS   SFR7           

        CLASS   SFR8           

        CLASS   SFR9           

        CLASS   SFR10          

        CLASS   SFR11          

        CLASS   SFR12          

        CLASS   SFR13          

        CLASS   SFR14          

        CLASS   SFR15          

        CLASS   SFR16          

        CLASS   SFR17          

        CLASS   SFR18          

        CLASS   SFR19          

        CLASS   SFR20          

        CLASS   SFR21          

        CLASS   SFR22          

        CLASS   SFR23          

        CLASS   SFR24          

        CLASS   SFR25          

        CLASS   SFR26          

        CLASS   SFR27          

        CLASS   SFR28          

        CLASS   SFR29          

        CLASS   SFR30          

        CLASS   SFR31          

        CLASS   CONFIG         
                config                             8007     8007        2         4

        CLASS   IDLOC          
                idloc                              8000     8000        4         5

        CLASS   EEDATA         

        CLASS   BANK31         

        CLASS   BANK30         

        CLASS   BANK29         

        CLASS   BANK28         

        CLASS   BANK27         

        CLASS   BANK26         

        CLASS   BANK25         

        CLASS   BANK24         

        CLASS   BANK23         

        CLASS   BANK22         

        CLASS   BANK21         

        CLASS   BANK20         

        CLASS   BANK19         

        CLASS   BANK18         

        CLASS   BANK17         

        CLASS   BANK16         

        CLASS   BANK15         

        CLASS   BANK14         

        CLASS   BANK13         

        CLASS   BANK12         

        CLASS   BANK11         

        CLASS   BANK10         

        CLASS   BANK9          

        CLASS   BANK8          

        CLASS   BANK7          

        CLASS   BANK6          

        CLASS   BANK5          

        CLASS   HEAP           

        CLASS   STACK          



SEGMENTS        Name                           Load    Length   Top    Selector   Space  Class     Delta

                reset_vec                      000000  000002  000002         0       0  CODE        2
                intentry                       000004  0007BC  0007C0         8       0  CODE        2
                cstackBANK0                    000020  000050  000070        20       1  BANK0       1
                cstackCOMMON                   000070  00000E  00007E        70       1  COMMON      1
                nvBANK1                        0000A0  000004  0000A4        A0       1  BANK1       1
                stringtext1                    0007C0  000015  0007D5       F80       0  STRCODE     2
                text16                         0007D5  000013  0007E8       FAA       0  CODE        2
                stringtext3                    0007E8  000004  0007EC       FD0       0  STRCODE     2
                text13                         0007EC  000008  0007F4       FD8       0  CODE        2


UNUSED ADDRESS RANGES

        Name                Unused          Largest block    Delta
        BANK1            000A4-000EF              4C           1
        BANK2            00120-0016F              50           1
        BANK3            001A0-001EF              50           1
        BANK4            00220-0024F              30           1
        BIGRAM           02000-0216F             170           1
        CODE             00002-00003               2           2
                         007F4-00FFF               C
        CONST            00002-00003               2           2
                         007F4-00FFF             100
        EEDATA           0F000-0F0FF             100           2
        ENTRY            00002-00003               2           2
                         007F4-00FFF             100
        RAM              000A4-000EF              4C           1
                         00120-0016F              50
                         001A0-001EF              50
                         00220-0024F              30
        SFR0             00000-0001F              20           1
        SFR1             00080-0009F              20           1
        SFR10            00500-0056F              70           1
        SFR11            00580-005EF              70           1
        SFR12            00600-0066F              70           1
        SFR13            00680-006EF              70           1
        SFR14            00700-0076F              70           1
        SFR15            00780-007EF              70           1
        SFR16            00800-0086F              70           1
        SFR17            00880-008EF              70           1
        SFR18            00900-0096F              70           1
        SFR19            00980-009EF              70           1
        SFR2             00100-0011F              20           1
        SFR20            00A00-00A6F              70           1
        SFR21            00A80-00AEF              70           1
        SFR22            00B00-00B6F              70           1
        SFR23            00B80-00BEF              70           1
        SFR24            00C00-00C6F              70           1
        SFR25            00C80-00CEF              70           1
        SFR26            00D00-00D6F              70           1
        SFR27            00D80-00DEF              70           1
        SFR28            00E00-00E6F              70           1
        SFR29            00E80-00EEF              70           1
        SFR3             00180-0019F              20           1
        SFR30            00F00-00F6F              70           1
        SFR31            00F80-00FEF              70           1
        SFR4             00200-0021F              20           1
        SFR5             00280-002EF              70           1
        SFR6             00300-0036F              70           1
        SFR7             00380-003EF              70           1
        SFR8             00400-0046F              70           1
        SFR9             00480-004EF              70           1
        STRCODE          00002-00003               2           2
                         007F4-00FFF             80C
        STRING           00002-00003               2           2
                         007F4-00FFF             100

                                  Symbol Table

?_ADC_GetConversionResult                cstackCOMMON 00070
?__Umul8_16                              cstackCOMMON 00070
?___fldiv                                cstackBANK0  0003A
?___flmul                                cstackBANK0  00020
?___xxtofl                               cstackCOMMON 00070
?_read_battery_voltage                   cstackBANK0  00054
ADC_SelectChannel@channel                cstackCOMMON 00071
ADC_SetInterruptHandler@InterruptHandler cstackCOMMON 00070
SEQ1@set                                 cstackCOMMON 00070
SEQ2@set                                 cstackCOMMON 00070
SEQ3@set                                 cstackCOMMON 00070
SEQ4@set                                 cstackCOMMON 00070
_ADCON0                                  (abs)        0009D
_ADCON0bits                              (abs)        0009D
_ADCON1                                  (abs)        0009E
_ADC_DefaultInterruptHandler             text25       007F3
_ADC_GetConversionResult                 text10       007DC
_ADC_ISR                                 text24       00796
_ADC_Initialize                          text17       00786
_ADC_InterruptHandler                    nvBANK1      000A2
_ADC_SelectChannel                       text9        007B3
_ADC_SetInterruptHandler                 text18       007E2
_ADC_StartConversion                     text8        007F0
_ADRESH                                  (abs)        0009C
_ADRESL                                  (abs)        0009B
_ANSELA                                  (abs)        0018C
_ANSELB                                  (abs)        0018D
_APFCON0                                 (abs)        0011D
_APFCON1                                 (abs)        0011E
_BORCON                                  (abs)        00116
_INTCONbits                              (abs)        0000B
_INTERRUPT_InterruptManager              intentry     00004
_LATA                                    (abs)        0010C
_LATB                                    (abs)        0010D
_LATBbits                                (abs)        0010D
_OPTION_REG                              (abs)        00095
_OPTION_REGbits                          (abs)        00095
_OSCCON                                  (abs)        00099
_OSCILLATOR_Initialize                   text16       007D5
_OSCTUNE                                 (abs)        00098
_PIE1bits                                (abs)        00091
_PIN_MANAGER_Initialize                  text15       00708
_PIR1bits                                (abs)        00011
_PORTAbits                               (abs)        0000C
_PORTBbits                               (abs)        0000D
_PTT_current_value                       nvBANK1      000A0
_SEQ1                                    text22       00760
_SEQ2                                    text21       0074A
_SEQ3                                    text20       00734
_SEQ4                                    text19       0071E
_SYSTEM_Initialize                       text12       00776
_TMR0                                    (abs)        00015
_TMR0_Initialize                         text14       007A5
_TRISA                                   (abs)        0008C
_TRISB                                   (abs)        0008D
_WDTCON                                  (abs)        00097
_WDT_Initialize                          text13       007EC
_WPUA                                    (abs)        0020C
_WPUB                                    (abs)        0020D
__Habs1                                  abs1         00000
__Hbank0                                 bank0        00000
__Hbank1                                 bank1        00000
__Hbank10                                bank10       00000
__Hbank11                                bank11       00000
__Hbank12                                bank12       00000
__Hbank13                                bank13       00000
__Hbank14                                bank14       00000
__Hbank15                                bank15       00000
__Hbank16                                bank16       00000
__Hbank17                                bank17       00000
__Hbank18                                bank18       00000
__Hbank19                                bank19       00000
__Hbank2                                 bank2        00000
__Hbank20                                bank20       00000
__Hbank21                                bank21       00000
__Hbank22                                bank22       00000
__Hbank23                                bank23       00000
__Hbank24                                bank24       00000
__Hbank25                                bank25       00000
__Hbank26                                bank26       00000
__Hbank27                                bank27       00000
__Hbank28                                bank28       00000
__Hbank29                                bank29       00000
__Hbank3                                 bank3        00000
__Hbank30                                bank30       00000
__Hbank31                                bank31       00000
__Hbank4                                 bank4        00000
__Hbank5                                 bank5        00000
__Hbank6                                 bank6        00000
__Hbank7                                 bank7        00000
__Hbank8                                 bank8        00000
__Hbank9                                 bank9        00000
__Hbigram                                bigram       00000
__HbssBANK0                              bssBANK0     00000
__Hcinit                                 cinit        00024
__Hclrtext                               clrtext      00000
__Hcode                                  code         00000
__Hcommon                                common       00000
__Hconfig                                config       08009
__HcstackBANK0                           cstackBANK0  00000
__HcstackCOMMON                          cstackCOMMON 00000
__Heeprom_data                           eeprom_data  00000
__Hend_init                              end_init     0001B
__Hfunctab                               functab      00000
__Hheap                                  heap         00000
__Hidloc                                 idloc        08004
__Hinit                                  init         00019
__Hintentry                              intentry     00019
__Hmaintext                              maintext     00000
__HnvBANK0                               nvBANK0      00000
__HnvBANK1                               nvBANK1      00000
__Hpowerup                               powerup      00000
__Hram                                   ram          00000
__Hreset_vec                             reset_vec    00002
__Hsfr0                                  sfr0         00000
__Hsfr1                                  sfr1         00000
__Hsfr10                                 sfr10        00000
__Hsfr11                                 sfr11        00000
__Hsfr12                                 sfr12        00000
__Hsfr13                                 sfr13        00000
__Hsfr14                                 sfr14        00000
__Hsfr15                                 sfr15        00000
__Hsfr16                                 sfr16        00000
__Hsfr17                                 sfr17        00000
__Hsfr18                                 sfr18        00000
__Hsfr19                                 sfr19        00000
__Hsfr2                                  sfr2         00000
__Hsfr20                                 sfr20        00000
__Hsfr21                                 sfr21        00000
__Hsfr22                                 sfr22        00000
__Hsfr23                                 sfr23        00000
__Hsfr24                                 sfr24        00000
__Hsfr25                                 sfr25        00000
__Hsfr26                                 sfr26        00000
__Hsfr27                                 sfr27        00000
__Hsfr28                                 sfr28        00000
__Hsfr29                                 sfr29        00000
__Hsfr3                                  sfr3         00000
__Hsfr30                                 sfr30        00000
__Hsfr31                                 sfr31        00000
__Hsfr4                                  sfr4         00000
__Hsfr5                                  sfr5         00000
__Hsfr6                                  sfr6         00000
__Hsfr7                                  sfr7         00000
__Hsfr8                                  sfr8         00000
__Hsfr9                                  sfr9         00000
__Hspace_0                               (abs)        007F4
__Hspace_1                               (abs)        000A4
__Hspace_2                               (abs)        00000
__Hspace_3                               (abs)        00000
__Hspace_4                               (abs)        10010
__Hstack                                 stack        00000
__Hstrings                               strings      00000
__Hstringtext1                           stringtext1  00000
__Hstringtext2                           stringtext2  00000
__Hstringtext3                           stringtext3  00000
__Htext                                  text         00000
__Labs1                                  abs1         00000
__Lbank0                                 bank0        00000
__Lbank1                                 bank1        00000
__Lbank10                                bank10       00000
__Lbank11                                bank11       00000
__Lbank12                                bank12       00000
__Lbank13                                bank13       00000
__Lbank14                                bank14       00000
__Lbank15                                bank15       00000
__Lbank16                                bank16       00000
__Lbank17                                bank17       00000
__Lbank18                                bank18       00000
__Lbank19                                bank19       00000
__Lbank2                                 bank2        00000
__Lbank20                                bank20       00000
__Lbank21                                bank21       00000
__Lbank22                                bank22       00000
__Lbank23                                bank23       00000
__Lbank24                                bank24       00000
__Lbank25                                bank25       00000
__Lbank26                                bank26       00000
__Lbank27                                bank27       00000
__Lbank28                                bank28       00000
__Lbank29                                bank29       00000
__Lbank3                                 bank3        00000
__Lbank30                                bank30       00000
__Lbank31                                bank31       00000
__Lbank4                                 bank4        00000
__Lbank5                                 bank5        00000
__Lbank6                                 bank6        00000
__Lbank7                                 bank7        00000
__Lbank8                                 bank8        00000
__Lbank9                                 bank9        00000
__Lbigram                                bigram       00000
__LbssBANK0                              bssBANK0     00000
__Lcinit                                 cinit        0001B
__Lclrtext                               clrtext      00000
__Lcode                                  code         00000
__Lcommon                                common       00000
__Lconfig                                config       00000
__LcstackBANK0                           cstackBANK0  00000
__LcstackCOMMON                          cstackCOMMON 00000
__Leeprom_data                           eeprom_data  00000
__Lend_init                              end_init     00019
__Lfunctab                               functab      00000
__Lheap                                  heap         00000
__Lidloc                                 idloc        00000
__Linit                                  init         00019
__Lintentry                              intentry     00004
__Lmaintext                              maintext     00000
__LnvBANK0                               nvBANK0      00000
__LnvBANK1                               nvBANK1      00000
__Lpowerup                               powerup      00000
__Lram                                   ram          00000
__Lreset_vec                             reset_vec    00000
__Lsfr0                                  sfr0         00000
__Lsfr1                                  sfr1         00000
__Lsfr10                                 sfr10        00000
__Lsfr11                                 sfr11        00000
__Lsfr12                                 sfr12        00000
__Lsfr13                                 sfr13        00000
__Lsfr14                                 sfr14        00000
__Lsfr15                                 sfr15        00000
__Lsfr16                                 sfr16        00000
__Lsfr17                                 sfr17        00000
__Lsfr18                                 sfr18        00000
__Lsfr19                                 sfr19        00000
__Lsfr2                                  sfr2         00000
__Lsfr20                                 sfr20        00000
__Lsfr21                                 sfr21        00000
__Lsfr22                                 sfr22        00000
__Lsfr23                                 sfr23        00000
__Lsfr24                                 sfr24        00000
__Lsfr25                                 sfr25        00000
__Lsfr26                                 sfr26        00000
__Lsfr27                                 sfr27        00000
__Lsfr28                                 sfr28        00000
__Lsfr29                                 sfr29        00000
__Lsfr3                                  sfr3         00000
__Lsfr30                                 sfr30        00000
__Lsfr31                                 sfr31        00000
__Lsfr4                                  sfr4         00000
__Lsfr5                                  sfr5         00000
__Lsfr6                                  sfr6         00000
__Lsfr7                                  sfr7         00000
__Lsfr8                                  sfr8         00000
__Lsfr9                                  sfr9         00000
__Lspace_0                               (abs)        00000
__Lspace_1                               (abs)        00000
__Lspace_2                               (abs)        00000
__Lspace_3                               (abs)        00000
__Lspace_4                               (abs)        00000
__Lstack                                 stack        00000
__Lstrings                               strings      00000
__Lstringtext1                           stringtext1  00000
__Lstringtext2                           stringtext2  00000
__Lstringtext3                           stringtext3  00000
__Ltext                                  text         00000
__S0                                     (abs)        007F4
__S1                                     (abs)        000A4
__S3                                     (abs)        00000
__Umul8_16                               text6        006E5
__Umul8_16@multiplicand                  cstackCOMMON 00070
__Umul8_16@multiplier                    cstackCOMMON 00078
__Umul8_16@product                       cstackCOMMON 00074
__Umul8_16@word_mpld                     cstackCOMMON 00076
___fldiv                                 text7        0027B
___fldiv@a                               cstackBANK0  0003A
___fldiv@aexp                            cstackBANK0  00053
___fldiv@b                               cstackBANK0  0003E
___fldiv@bexp                            cstackBANK0  00052
___fldiv@grs                             cstackBANK0  0004E
___fldiv@new_exp                         cstackBANK0  0004C
___fldiv@rem                             cstackBANK0  00047
___fldiv@sign                            cstackBANK0  0004B
___flge                                  text11       00589
___flge@ff1                              cstackBANK0  0005A
___flge@ff2                              cstackBANK0  0005E
___flmul                                 text5        00024
___flmul@a                               cstackBANK0  00024
___flmul@aexp                            cstackBANK0  00032
___flmul@b                               cstackBANK0  00020
___flmul@bexp                            cstackBANK0  00033
___flmul@grs                             cstackBANK0  0002E
___flmul@prod                            cstackBANK0  00034
___flmul@sign                            cstackBANK0  0002D
___flmul@temp                            cstackBANK0  00038
___heap_hi                               (abs)        00000
___heap_lo                               (abs)        00000
___int_sp                                stack        00000
___latbits                               (abs)        00001
___sp                                    stack        00000
___stackhi                               (abs)        00000
___stacklo                               (abs)        00000
___xxtofl                                text4        004DD
___xxtofl@arg                            cstackCOMMON 0007A
___xxtofl@exp                            cstackCOMMON 00079
___xxtofl@sign                           cstackCOMMON 00078
___xxtofl@val                            cstackCOMMON 00070
__end_of_ADC_DefaultInterruptHandler     text25       007F4
__end_of_ADC_GetConversionResult         text10       007E2
__end_of_ADC_ISR                         text24       007A5
__end_of_ADC_Initialize                  text17       00796
__end_of_ADC_SelectChannel               text9        007C0
__end_of_ADC_SetInterruptHandler         text18       007E8
__end_of_ADC_StartConversion             text8        007F3
__end_of_INTERRUPT_InterruptManager      intentry     00019
__end_of_OSCILLATOR_Initialize           text16       007DC
__end_of_PIN_MANAGER_Initialize          text15       0071E
__end_of_SEQ1                            text22       00776
__end_of_SEQ2                            text21       00760
__end_of_SEQ3                            text20       0074A
__end_of_SEQ4                            text19       00734
__end_of_SYSTEM_Initialize               text12       00786
__end_of_TMR0_Initialize                 text14       007B3
__end_of_WDT_Initialize                  text13       007F0
__end_of__Umul8_16                       text6        00708
__end_of___fldiv                         text7        0042F
__end_of___flge                          text11       00614
__end_of___flmul                         text5        0027B
__end_of___xxtofl                        text4        00589
__end_of__initialization                 cinit        00020
__end_of_get_event                       text2        00662
__end_of_get_switch_type                 text1        006E5
__end_of_main                            maintext     004DD
__end_of_program_date                    stringtext1  007CB
__end_of_program_name                    stringtext2  007D5
__end_of_program_version                 stringtext3  007EC
__end_of_read_battery_voltage            text3        006B0
__initialization                         cinit        0001B
__pbssBANK0                              bssBANK0     0006B
__pcstackBANK0                           cstackBANK0  00020
__pcstackCOMMON                          cstackCOMMON 00070
__pintentry                              intentry     00004
__pmaintext                              maintext     0042F
__pnvBANK0                               nvBANK0      0006F
__pnvBANK1                               nvBANK1      000A0
__pstringtext1                           stringtext1  007C0
__pstringtext2                           stringtext2  007CB
__pstringtext3                           stringtext3  007E8
__ptext1                                 text1        006B0
__ptext10                                text10       007DC
__ptext11                                text11       00589
__ptext12                                text12       00776
__ptext13                                text13       007EC
__ptext14                                text14       007A5
__ptext15                                text15       00708
__ptext16                                text16       007D5
__ptext17                                text17       00786
__ptext18                                text18       007E2
__ptext19                                text19       0071E
__ptext2                                 text2        00614
__ptext20                                text20       00734
__ptext21                                text21       0074A
__ptext22                                text22       00760
__ptext24                                text24       00796
__ptext25                                text25       007F3
__ptext3                                 text3        00662
__ptext4                                 text4        004DD
__ptext5                                 text5        00024
__ptext6                                 text6        006E5
__ptext7                                 text7        0027B
__ptext8                                 text8        007F0
__ptext9                                 text9        007B3
_event                                   bssBANK0     0006B
_get_event                               text2        00614
_get_switch_type                         text1        006B0
_main                                    maintext     0042F
_newevent                                bssBANK0     0006D
_read_battery_voltage                    text3        00662
_timer0ReloadVal                         nvBANK0      0006F
btemp                                    (abs)        0007E
end_of_initialization                    cinit        00020
get_event@local_event                    cstackBANK0  00068
get_switch_type@port1                    cstackCOMMON 00073
get_switch_type@port2                    cstackCOMMON 00075
get_switch_type@switch_status            cstackCOMMON 00072
int$flags                                (abs)        0007E
intlevel0                                functab      00000
intlevel1                                functab      00000
intlevel2                                functab      00000
intlevel3                                functab      00000
intlevel4                                functab      00000
intlevel5                                functab      00000
nosup@@$_$_IDLOC7                        (abs)        00000
read_battery_voltage@convertedValue      cstackBANK0  00058
reset_vec                                reset_vec    00000
start                                    init         00019
start_initialization                     cinit        0001B
wtemp0                                   (abs)        0007E


MODULE INFORMATION

Module		Function		Class		Link	Load	Size
C:\Program Files\Microchip\xc8\v2.36\pic\sources\c99\common\sprcmul.c
		___flmul       		CODE           	0024	0000	599

C:\Program Files\Microchip\xc8\v2.36\pic\sources\c99\common\sprcmul.c estimated size: 599

C:\Program Files\Microchip\xc8\v2.36\pic\sources\c99\common\sprcdiv.c
		___fldiv       		CODE           	027B	0000	436

C:\Program Files\Microchip\xc8\v2.36\pic\sources\c99\common\sprcdiv.c estimated size: 436

mcc_generated_files/interrupt_manager.c
		_INTERRUPT_InterruptManager		CODE           	0004	0000	21

mcc_generated_files/interrupt_manager.c estimated size: 21

mcc_generated_files/tmr0.c
		_TMR0_Initialize		CODE           	07A5	0000	14

mcc_generated_files/tmr0.c estimated size: 14

C:\Program Files\Microchip\xc8\v2.36\pic\sources\c99\common\xxtofl.c
		___xxtofl      		CODE           	04DD	0000	172

C:\Program Files\Microchip\xc8\v2.36\pic\sources\c99\common\xxtofl.c estimated size: 172

mcc_generated_files/pin_manager.c
		_PIN_MANAGER_Initialize		CODE           	0708	0000	22

mcc_generated_files/pin_manager.c estimated size: 22

C:\Program Files\Microchip\xc8\v2.36\pic\sources\c99\common\Umul8_16.c
		__Umul8_16     		CODE           	06E5	0000	35

C:\Program Files\Microchip\xc8\v2.36\pic\sources\c99\common\Umul8_16.c estimated size: 35

mcc_generated_files/adc.c
		_ADC_DefaultInterruptHandler		CODE           	07F3	0000	1
		_ADC_Initialize		CODE           	0786	0000	16
		_ADC_SetInterruptHandler		CODE           	07E2	0000	6
		_ADC_GetConversionResult		CODE           	07DC	0000	6
		_ADC_StartConversion		CODE           	07F0	0000	3
		_ADC_ISR       		CODE           	0796	0000	15
		_ADC_SelectChannel		CODE           	07B3	0000	13

mcc_generated_files/adc.c estimated size: 60

shared
		_program_name  		STRCODE        	0000	0000	0
		_program_date  		STRCODE        	0000	0000	0
		__initialization		CODE           	001B	0000	5
		_program_version		STRCODE        	0000	0000	0

shared estimated size: 5

mcc_generated_files/mcc.c
		_WDT_Initialize		CODE           	07EC	0000	4
		_OSCILLATOR_Initialize		CODE           	07D5	0000	7
		_SYSTEM_Initialize		CODE           	0776	0000	16

mcc_generated_files/mcc.c estimated size: 27

C:\Program Files\Microchip\xc8\v2.36\pic\sources\c99\common\flge.c
		___flge        		CODE           	0589	0000	139

C:\Program Files\Microchip\xc8\v2.36\pic\sources\c99\common\flge.c estimated size: 139

main.c
		_get_switch_type		CODE           	06B0	0000	53
		_SEQ1          		CODE           	0760	0000	22
		_SEQ2          		CODE           	074A	0000	22
		_main          		CODE           	042F	0000	174
		_SEQ3          		CODE           	0734	0000	22
		_SEQ4          		CODE           	071E	0000	22
		_read_battery_voltage		CODE           	0662	0000	78
		_get_event     		CODE           	0614	0000	78

main.c estimated size: 471

